// Jest Snapshot v1, https://goo.gl/fbAQLP

exports[`RequestsList renders properly 1`] = `null`;
