// Jest Snapshot v1, https://goo.gl/fbAQLP

exports[`<NotFound /> 1`] = `
<h3>
  404 - Page Not Found.
</h3>
`;
