// Jest Snapshot v1, https://goo.gl/fbAQLP

exports[`<InDepthItem /> Renders properly 1`] = `
<div
  className="ui loader"
  text="Preparing Item"
/>
`;
