// Jest Snapshot v1, https://goo.gl/fbAQLP

exports[`RequestsCartList renders properly 1`] = `null`;
