// Jest Snapshot v1, https://goo.gl/fbAQLP

exports[`AddItemButton Button Render 1`] = `null`;
