// Jest Snapshot v1, https://goo.gl/fbAQLP

exports[`AddToCart Button Render 1`] = `null`;
