// Jest Snapshot v1, https://goo.gl/fbAQLP

exports[`Authorization Render 1`] = `null`;
