// Jest Snapshot v1, https://goo.gl/fbAQLP

exports[`Loader Render 1`] = `
<div
  className="ui active transition visible inverted dimmer"
  onClick={[Function]}
>
  <div
    className="content"
  >
    <div
      className="ui indeterminate inverted loader"
    />
  </div>
</div>
`;
