// Jest Snapshot v1, https://goo.gl/fbAQLP

exports[`Create a Card for a Item 1`] = `
<div
  className="ui card"
  onClick={[Function]}
>
  <img
    className="ui image"
    src="data:image/png;base64,iVBORw0KGgoAAAANSUhEUgAAAG8AAABYCAYAAAD7uql1AAAgAElEQVR4Xu29e5RV5Znu+5vfN6/r
VmtVFXWjoChABFERVCKgUUAjthFzMZqYxLjT3aP79D456d49zj5nZJzTo0f/0+fsHumT7O6xY/be
2umklcSEaFRuIiiIF0AUFQVFQSAlRRVVRdW6zut3/phrLsâ€¦"
  />
  <div
    className="content"
  >
    <div
      className="header"
    />
    <div
      className="meta"
    >
      Location: 
      HHD12U
    </div>
    <div
      className="description"
    >
      <p>
        description
        : 
        BMW motor
      </p>
      <p>
        free_stock
        : 
        1
      </p>
      <p>
        last_edit
        : 
        2018-11-20T11:46:01.628Z
      </p>
      <p>
        last_price
        : 
        89.12
      </p>
      <p>
        reference
        : 
        213748227
      </p>
      <div
        className="ui divider"
      />
      <div
        className="ui divider"
      />
      <p>
        details
        : 
        Super detailed description
      </p>
      <p>
        manufacturer
        : 
        Multicomp
      </p>
    </div>
  </div>
  <div
    className="extra content"
  >
    Available: 
    1
  </div>
</div>
`;
