// Jest Snapshot v1, https://goo.gl/fbAQLP

exports[`CompareItems renders properly 1`] = `
<button
  className="ui button"
  onBlur={[Function]}
  onClick={[Function]}
  onFocus={[Function]}
  onMouseEnter={[Function]}
  onMouseLeave={[Function]}
>
  Compare Items
</button>
`;
