// Jest Snapshot v1, https://goo.gl/fbAQLP

exports[`<AddItem /> 1`] = `null`;
