// Jest Snapshot v1, https://goo.gl/fbAQLP

exports[`<Course /> Renders properly 1`] = `null`;
